// Jest Snapshot v1, https://goo.gl/fbAQLP

exports[`<Accordion /> opens and closes the <Accordion /> component 1`] = `
<div
  class="accordion__Container-sc-l3iym9-0 dYUPLK"
>
  <div
    class="accordion__Inner-sc-l3iym9-1 bNWKLt"
  >
    <h1
      class="accordion__Title-sc-l3iym9-4 fucojq"
    >
      Frequently Asked Questions
    </h1>
    <div
      class="accordion__Frame-sc-l3iym9-2 dIhlc"
    >
      <div
        class="accordion__Item-sc-l3iym9-3 dHYQYG"
      >
        <div
          class="accordion__Header-sc-l3iym9-5 koEoBC"
        >
          What is Netflix?
          <img
            alt="Open"
            src="/images/icons/add.png"
          />
        </div>
      </div>
      <div
        class="accordion__Item-sc-l3iym9-3 dHYQYG"
      >
        <div
          class="accordion__Header-sc-l3iym9-5 koEoBC"
        >
          How much does Netflix cost?
          <img
            alt="Open"
            src="/images/icons/add.png"
          />
        </div>
      </div>
      <div
        class="accordion__Item-sc-l3iym9-3 dHYQYG"
      >
        <div
          class="accordion__Header-sc-l3iym9-5 koEoBC"
        >
          Where can I watch?
          <img
            alt="Open"
            src="/images/icons/add.png"
          />
        </div>
      </div>
      <div
        class="accordion__Item-sc-l3iym9-3 dHYQYG"
      >
        <div
          class="accordion__Header-sc-l3iym9-5 koEoBC"
        >
          How do I cancel?
          <img
            alt="Open"
            src="/images/icons/add.png"
          />
        </div>
      </div>
      <div
        class="accordion__Item-sc-l3iym9-3 dHYQYG"
      >
        <div
          class="accordion__Header-sc-l3iym9-5 koEoBC"
        >
          What can I watch on Netflix?
          <img
            alt="Open"
            src="/images/icons/add.png"
          />
        </div>
      </div>
    </div>
  </div>
</div>
`;

exports[`<Accordion /> renders the <Accordion /> with populated data 1`] = `
<div
  class="accordion__Container-sc-l3iym9-0 dYUPLK"
>
  <div
    class="accordion__Inner-sc-l3iym9-1 bNWKLt"
  >
    <h1
      class="accordion__Title-sc-l3iym9-4 fucojq"
    >
      Frequently Asked Questions
    </h1>
    <div
      class="accordion__Frame-sc-l3iym9-2 dIhlc"
    >
      <div
        class="accordion__Item-sc-l3iym9-3 dHYQYG"
      >
        <div
          class="accordion__Header-sc-l3iym9-5 koEoBC"
        >
          What is Netflix?
          <img
            alt="Open"
            src="/images/icons/add.png"
          />
        </div>
      </div>
      <div
        class="accordion__Item-sc-l3iym9-3 dHYQYG"
      >
        <div
          class="accordion__Header-sc-l3iym9-5 koEoBC"
        >
          How much does Netflix cost?
          <img
            alt="Open"
            src="/images/icons/add.png"
          />
        </div>
      </div>
      <div
        class="accordion__Item-sc-l3iym9-3 dHYQYG"
      >
        <div
          class="accordion__Header-sc-l3iym9-5 koEoBC"
        >
          Where can I watch?
          <img
            alt="Open"
            src="/images/icons/add.png"
          />
        </div>
      </div>
      <div
        class="accordion__Item-sc-l3iym9-3 dHYQYG"
      >
        <div
          class="accordion__Header-sc-l3iym9-5 koEoBC"
        >
          How do I cancel?
          <img
            alt="Open"
            src="/images/icons/add.png"
          />
        </div>
      </div>
      <div
        class="accordion__Item-sc-l3iym9-3 dHYQYG"
      >
        <div
          class="accordion__Header-sc-l3iym9-5 koEoBC"
        >
          What can I watch on Netflix?
          <img
            alt="Open"
            src="/images/icons/add.png"
          />
        </div>
      </div>
    </div>
  </div>
</div>
`;
