// Jest Snapshot v1, https://goo.gl/fbAQLP

exports[`<Footer /> renders the <Footer /> with populated data 1`] = `
<div
  class="footer__Container-sc-qu6i6-0 juszqy"
>
  <p
    class="footer__Title-sc-qu6i6-4 eeRBSE"
  >
    Questions? Contact us.
  </p>
  <p
    class="footer__Break-sc-qu6i6-6 iyNlEP"
  />
  <div
    class="footer__Row-sc-qu6i6-2 hMAUrA"
  >
    <div
      class="footer__Column-sc-qu6i6-1 jwsorJ"
    >
      <a
        class="footer__Link-sc-qu6i6-3 mdrxL"
        href="#"
      >
        FAQ
      </a>
      <a
        class="footer__Link-sc-qu6i6-3 mdrxL"
        href="#"
      >
        Investor Relations
      </a>
      <a
        class="footer__Link-sc-qu6i6-3 mdrxL"
        href="#"
      >
        Ways to Watch
      </a>
      <a
        class="footer__Link-sc-qu6i6-3 mdrxL"
        href="#"
      >
        Corporate Information
      </a>
      <a
        class="footer__Link-sc-qu6i6-3 mdrxL"
        href="#"
      >
        Netflix Originals
      </a>
    </div>
    <div
      class="footer__Column-sc-qu6i6-1 jwsorJ"
    >
      <a
        class="footer__Link-sc-qu6i6-3 mdrxL"
        href="#"
      >
        Help Centre
      </a>
      <a
        class="footer__Link-sc-qu6i6-3 mdrxL"
        href="#"
      >
        Jobs
      </a>
      <a
        class="footer__Link-sc-qu6i6-3 mdrxL"
        href="#"
      >
        Terms of Use
      </a>
      <a
        class="footer__Link-sc-qu6i6-3 mdrxL"
        href="#"
      >
        Contact Us
      </a>
    </div>
    <div
      class="footer__Column-sc-qu6i6-1 jwsorJ"
    >
      <a
        class="footer__Link-sc-qu6i6-3 mdrxL"
        href="#"
      >
        Account
      </a>
      <a
        class="footer__Link-sc-qu6i6-3 mdrxL"
        href="#"
      >
        Redeem gift cards
      </a>
      <a
        class="footer__Link-sc-qu6i6-3 mdrxL"
        href="#"
      >
        Privacy
      </a>
      <a
        class="footer__Link-sc-qu6i6-3 mdrxL"
        href="#"
      >
        Speed Test
      </a>
    </div>
    <div
      class="footer__Column-sc-qu6i6-1 jwsorJ"
    >
      <a
        class="footer__Link-sc-qu6i6-3 mdrxL"
        href="#"
      >
        Media Centre
      </a>
      <a
        class="footer__Link-sc-qu6i6-3 mdrxL"
        href="#"
      >
        Buy gift cards
      </a>
      <a
        class="footer__Link-sc-qu6i6-3 mdrxL"
        href="#"
      >
        Cookie Preferences
      </a>
      <a
        class="footer__Link-sc-qu6i6-3 mdrxL"
        href="#"
      >
        Legal Notices
      </a>
    </div>
  </div>
  <p
    class="footer__Break-sc-qu6i6-6 iyNlEP"
  />
  <p
    class="footer__Text-sc-qu6i6-5 gAjRix"
  >
    Netflix United Kingdom
  </p>
</div>
`;
